// Jest Snapshot v1, https://goo.gl/fbAQLP

exports[`Pruebas en GifGridItem Debe mostrar el <GifGridItem /> correctamente 1`] = `
<div
  className="card animate__animated animate__fadeInDown animate__delay-2s"
>
  <img
    alt="Un titulo"
    src="https://localhost/algo.jpg"
  />
  <p>
    Un titulo
  </p>
</div>
`;
